// Jest Snapshot v1, https://goo.gl/fbAQLP

exports[`Compatibility with Classic Editor Should not apply autop when rendering blocks 1`] = `
"<a>
Random Link
</a>"
`;
